// Jest Snapshot v1, https://goo.gl/fbAQLP

exports[`Title element renders correctly 1`] = `
<span
  className="repo__title"
>
  <h3>
    Super cool library for React
  </h3>
</span>
`;
