// Jest Snapshot v1, https://goo.gl/fbAQLP

exports[`Name element renders correctly 1`] = `
<a
  className="repo-name"
  href="http://www.test.com"
  target="_blank"
>
  <span
    title="react-component-library"
  >
    react-component-library
  </span>
</a>
`;
