// Jest Snapshot v1, https://goo.gl/fbAQLP

exports[`Url element renders correctly 1`] = `
<div>
  http://www.example.com
</div>
`;
