// Jest Snapshot v1, https://goo.gl/fbAQLP

exports[`LastUpdated element renders correctly 1`] = `
<div
  className="repo__last-updated"
>
  Last Updated: 
  <span>
    2 years ago
  </span>
</div>
`;
