// Jest Snapshot v1, https://goo.gl/fbAQLP

exports[`LastUpdated element renders correctly 1`] = `
<div
  className="repo__last-updated"
>
  Last Updated: 
  <time
    dateTime="2015-12-13T13:36:22.000Z"
    title="2015-12-13T13:36:22Z"
  >
    2 years ago
  </time>
</div>
`;
