// Jest Snapshot v1, https://goo.gl/fbAQLP

exports[`ReadMe element renders correctly 1`] = `
<div
  className="repo__read-me"
>
  <button
    onClick={[Function]}
  >
    ReadMe
  </button>
</div>
`;
